[www.fastfriendlyrepair.com/index.html]
[backblue.gif]
[fade.gif]
[index.html]
[www.fastfriendlyrepair.com/f30f4.txt]
[irp.cdn-website.com/8d8e069d/dms3rep/multi/FastFriendly.png]
[connect.facebook.net/en_US/fbevents.js]
[www.fastfriendlyrepair.com/services.html]
[www.fastfriendlyrepair.com/keys-and-locksmith-services.html]
[www.fastfriendlyrepair.com/towing.html]
[www.fastfriendlyrepair.com/fleet-repair.html]
[www.fastfriendlyrepair.com/hazmat-spill-response-service.html]
[www.fastfriendlyrepair.com/light–heavy-recovery.html]
[www.fastfriendlyrepair.com/load-shifts.html]
[www.fastfriendlyrepair.com/rotator-wrecker.html]
[www.fastfriendlyrepair.com/shop-for-tires.html]
[www.fastfriendlyrepair.com/custom-wheels.html]
[www.fastfriendlyrepair.com/financing.html]
[www.fastfriendlyrepair.com/about.html]
[www.fastfriendlyrepair.com/join-the-team.html]
[www.fastfriendlyrepair.com/gallery.html]
[www.fastfriendlyrepair.com/contact.html]
[www.fastfriendlyrepair.com/vehicle-release.html]
[lirp.cdn-website.com/8d8e069d/dms3rep/multi/opt/306146253_519065463561363_1727607050829971241_n-ddb4fdde-1920w.jpg]
[lirp.cdn-website.com/8d8e069d/dms3rep/multi/opt/306146253_519065463561363_1727607050829971241_n-ddb4fdde-201w.jpg]
[lirp.cdn-website.com/8d8e069d/dms3rep/multi/opt/TornWhiter-a149beee-2304w.png]
[lirp.cdn-website.com/8d8e069d/dms3rep/multi/opt/Screenshot-2023-07-24-110105-640w.png]
[lirp.cdn-website.com/8d8e069d/dms3rep/multi/opt/AdobeStock_635017695-2-84243fa5-640w.jpg]
[www.fastfriendlyrepair.com/service-list/diesel-engine.html]
[lirp.cdn-website.com/8d8e069d/dms3rep/multi/opt/DieselEngine-640w.jpg]
[www.fastfriendlyrepair.com/service-list/diagnostics.html]
[lirp.cdn-website.com/8d8e069d/dms3rep/multi/opt/Electric+Diagnostic-640w.jpg]
[www.fastfriendlyrepair.com/service-list/brakes.html]
[lirp.cdn-website.com/8d8e069d/dms3rep/multi/opt/AdobeStock_308327521-640w.jpg]
[lirp.cdn-website.com/md/pexels/dms3rep/multi/opt/money-card-business-credit-card-50987-720w.jpg]
[lirp.cdn-website.com/8d8e069d/dms3rep/multi/opt/AdobeStock_203516669-720w.jpg]
[lirp.cdn-website.com/8d8e069d/dms3rep/multi/opt/AAA-logo-372w.png]
[lirp.cdn-website.com/8d8e069d/dms3rep/multi/opt/AdobeStock_535665787-2fc9d1b8-963aa8f7-d372d2c3-2304w.png]
[lirp.cdn-website.com/8d8e069d/dms3rep/multi/opt/306146253_519065463561363_1727607050829971241_n-ddb4fdde-352w.jpg]
[s3.amazonaws.com/amir-test-bucket/intersection-observer.js]
[www.fastfriendlyrepair.com/privacy.html]
[lirp.cdn-website.com/8d8e069d/dms3rep/multi/opt/ODM+O-57w.png]
[static.cdn-website.com/mnlt/production/5724/_dm/s/rt/dist/css/d-css-runtime-desktop-one-package-structured-global.min.css]
[irp.cdn-website.com/WIDGET_CSS/047205a521e4447bedbe9984fbcb8c3a.css]
[irp.cdn-website.com/8d8e069d/files/8d8e069d_withFlex_1.minfad9.css]
[irp.cdn-website.com/8d8e069d/files/8d8e069d_home_withFlex_1.minfad9.css]
[static.cdn-website.com/libs/jquery/jquery-3.7.0.min.js]
[static.cdn-website.com/mnlt/production/5724/_dm/s/rt/dist/scripts/d-js-one-runtime-unified-desktop.min.js]
[static.cdn-website.com/mnlt/production/5724/_dm/s/rt/dist/scripts/d-js-jquery-migrate.min.js]
[www.googletagmanager.com/gtm8916.js]
[d32hwlnfiv2gyn.cloudfront.net/sp-2.0.0-dm-0.1.min.js]
[www.fastfriendlyrepair.com/index.html]
[cookieinfoscript.com/js/cookieinfo.min.js]
[www.fastfriendlyrepair.com/a.32.delayed]
[www.fastfriendlyrepair.com/POST.33.delayed]
[www.fastfriendlyrepair.com/b.34.delayed]
[www.fastfriendlyrepair.com/d.35.delayed]
[www.fastfriendlyrepair.com/signals/iwl.36.delayed]
[www.fastfriendlyrepair.com/signals/iwl.370fc5.delayed]
[www.fastfriendlyrepair.com/c.38.delayed]
[www.fastfriendlyrepair.com/c.39.delayed]
[connect.facebook.net/en_US/fbevents.js]
[www.fastfriendlyrepair.com/service-list/air-conditioning.html]
[lirp.cdn-website.com/01d35361/dms3rep/multi/opt/AC-480w.png]
[www.fastfriendlyrepair.com/service-list/battery-replacement.html]
[lirp.cdn-website.com/01d35361/dms3rep/multi/opt/Battery-480w.png]
[www.fastfriendlyrepair.com/service-list/belts-and-hoses.html]
[lirp.cdn-website.com/01d35361/dms3rep/multi/opt/BELTSHOSES-480w.jpg]
[lirp.cdn-website.com/01d35361/dms3rep/multi/opt/BRAKES2-480w.png]
[lirp.cdn-website.com/01d35361/dms3rep/multi/opt/CABINAIRFILTER-480w.png]
[www.fastfriendlyrepair.com/service-list/cabin-air-filter.html]
[www.fastfriendlyrepair.com/service-list/check-engine-light.html]
[lirp.cdn-website.com/01d35361/dms3rep/multi/opt/CHECKENGINELIGHT-480w.png]
[www.fastfriendlyrepair.com/service-list/coolant-antifreeze.html]
[lirp.cdn-website.com/01d35361/dms3rep/multi/opt/COOLANTANDANTIFREEZE-480w.png]
[www.fastfriendlyrepair.com/service-list/cooling-system.html]
[lirp.cdn-website.com/01d35361/dms3rep/multi/opt/COOLINGSYSTEM-480w.png]
[www.fastfriendlyrepair.com/service-list/custom-wheels.html]
[lirp.cdn-website.com/01d35361/dms3rep/multi/opt/CUSTOMWHEELS-480w.png]
[lirp.cdn-website.com/01d35361/dms3rep/multi/opt/DIAGNOSTICS-480w.png]
[lirp.cdn-website.com/01d35361/dms3rep/multi/opt/DIESELENGINEMAINTENANCE-480w.png]
[www.fastfriendlyrepair.com/service-list/differential.html]
[lirp.cdn-website.com/01d35361/dms3rep/multi/opt/DIFFERENTIAL-480w.png]
[www.fastfriendlyrepair.com/service-list/digital-inspections.html]
[lirp.cdn-website.com/01d35361/dms3rep/multi/opt/DigitalInspections-f7212307-1920w.png]
[www.fastfriendlyrepair.com/service-list/drive-train.html]
[lirp.cdn-website.com/01d35361/dms3rep/multi/opt/DRIVETRAIN-480w.png]
[www.fastfriendlyrepair.com/service-list/engine-air-filter.html]
[lirp.cdn-website.com/01d35361/dms3rep/multi/opt/ENGINEAIRFILTER-480w.png]
[www.fastfriendlyrepair.com/service-list/exhaust-service.html]
[lirp.cdn-website.com/01d35361/dms3rep/multi/opt/EXHAUST-480w.png]
[www.fastfriendlyrepair.com/service-list/flat-repair.html]
[lirp.cdn-website.com/01d35361/dms3rep/multi/opt/FLATREPAIR-480w.png]
[www.fastfriendlyrepair.com/service-list/fluid-inspection.html]
[lirp.cdn-website.com/01d35361/dms3rep/multi/opt/FLUIDINSPECTION-480w.png]
[www.fastfriendlyrepair.com/service-list/four-wheel-drive.html]
[lirp.cdn-website.com/01d35361/dms3rep/multi/opt/FOURWHEELDRIVE-480w.png]
[www.fastfriendlyrepair.com/service-list/fuel-filter.html]
[lirp.cdn-website.com/01d35361/dms3rep/multi/opt/FUEL+FILTER-480w.png]
[www.fastfriendlyrepair.com/service-list/fuel-injectors.html]
[lirp.cdn-website.com/01d35361/dms3rep/multi/opt/FUELINJECTORS-480w.png]
[www.fastfriendlyrepair.com/service-list/headlamp-replacement.html]
[lirp.cdn-website.com/01d35361/dms3rep/multi/opt/HEADLAMPREPLACEMENT-480w.png]
[www.fastfriendlyrepair.com/service-list/lift-kits.html]
[lirp.cdn-website.com/01d35361/dms3rep/multi/opt/LIFTKITS-480w.png]
[www.fastfriendlyrepair.com/service-list/oil-changes.html]
[lirp.cdn-website.com/01d35361/dms3rep/multi/opt/OILCHANGE-480w.png]
[www.fastfriendlyrepair.com/service-list/pcv-valve.html]
[lirp.cdn-website.com/01d35361/dms3rep/multi/opt/PCVVALVE-480w.png]
[www.fastfriendlyrepair.com/service-list/power-steering-service.html]
[lirp.cdn-website.com/01d35361/dms3rep/multi/opt/POWER+STEERING+SERVICE-480w.png]
[www.fastfriendlyrepair.com/service-list/preventive-maintenance.html]
[lirp.cdn-website.com/01d35361/dms3rep/multi/opt/PREVENTIVEMAINTENANCE-480w.png]
[www.fastfriendlyrepair.com/service-list/radiator-service.html]
[lirp.cdn-website.com/01d35361/dms3rep/multi/opt/RADIATOR-480w.png]
[www.fastfriendlyrepair.com/service-list/roadside-assistance.html]
[lirp.cdn-website.com/01d35361/dms3rep/multi/opt/ROADSIDEASSISTANCE-480w.png]
[www.fastfriendlyrepair.com/service-list/serpentine-belt.html]
[lirp.cdn-website.com/01d35361/dms3rep/multi/opt/SERPENTINEBELT-480w.png]
[www.fastfriendlyrepair.com/service-list/shock-struts.html]
[lirp.cdn-website.com/01d35361/dms3rep/multi/opt/SHOCKSSTRUTS-480w.png]
[www.fastfriendlyrepair.com/service-list/suspension.html]
[lirp.cdn-website.com/01d35361/dms3rep/multi/opt/SUSPENSION-480w.png]
[www.fastfriendlyrepair.com/service-list/timing-belt.html]
[lirp.cdn-website.com/01d35361/dms3rep/multi/opt/TIMINGBELT-480w.png]
[www.fastfriendlyrepair.com/service-list/tire-installation.html]
[lirp.cdn-website.com/01d35361/dms3rep/multi/opt/TIREINSTALLATION-480w.png]
[www.fastfriendlyrepair.com/service-list/tpms.html]
[lirp.cdn-website.com/01d35361/dms3rep/multi/opt/TPMS-480w.png]
[www.fastfriendlyrepair.com/service-list/tire-rotation.html]
[lirp.cdn-website.com/01d35361/dms3rep/multi/opt/TIREROTATION-480w.png]
[www.fastfriendlyrepair.com/service-list/transmission.html]
[lirp.cdn-website.com/01d35361/dms3rep/multi/opt/TRANSMISSION-480w.png]
[www.fastfriendlyrepair.com/service-list/tune-ups.html]
[lirp.cdn-website.com/01d35361/dms3rep/multi/opt/TUNEUP-480w.png]
[www.fastfriendlyrepair.com/service-list/vehicle-inspections.html]
[lirp.cdn-website.com/01d35361/dms3rep/multi/opt/VEHICLE+INSPECTION-480w.png]
[www.fastfriendlyrepair.com/service-list/water-pump.html]
[lirp.cdn-website.com/01d35361/dms3rep/multi/opt/WATER+PUMP-480w.png]
[www.fastfriendlyrepair.com/service-list/wheel-alignment.html]
[lirp.cdn-website.com/01d35361/dms3rep/multi/opt/WHEELALIGNMENT-480w.png]
[www.fastfriendlyrepair.com/service-list/wheel-balancing.html]
[lirp.cdn-website.com/01d35361/dms3rep/multi/opt/WHEELBALANCING-480w.png]
[www.fastfriendlyrepair.com/service-list/winter-tires.html]
[lirp.cdn-website.com/01d35361/dms3rep/multi/opt/WINTER+TIRES-480w.png]
[www.fastfriendlyrepair.com/service-list/wiper-blades.html]
[lirp.cdn-website.com/01d35361/dms3rep/multi/opt/WIPERBLADES-480w.png]
[irp.cdn-website.com/WIDGET_CSS/b87baa1e4dbafc8cf6602bc6701bddde.css]
[www.fastfriendlyrepair.com/services.html]
[irp.cdn-website.com/8d8e069d/files/8d8e069d_1.minfad9.css]
[static.cdn-website.com/mnlt/production/5728/_dm/s/rt/dist/css/d-css-runtime-desktop-one-package-structured-global.min.css]
[irp.cdn-website.com/WIDGET_CSS/c2a842ca4e816d8c648d59753f4aa6e7.css]
[lirp.cdn-website.com/8d8e069d/dms3rep/multi/opt/AdobeStock_235469448-1920w.jpg]
[lirp.cdn-website.com/8d8e069d/dms3rep/multi/opt/AdobeStock_535665787-2fc9d1b8-963aa8f7-d372d2c3-1920w.png]
[lirp.cdn-website.com/8d8e069d/dms3rep/multi/opt/ODM+O-1920w.png]
[static.cdn-website.com/mnlt/production/5728/_dm/s/rt/dist/scripts/d-js-one-runtime-unified-desktop.min.js]
[www.fastfriendlyrepair.com/keys-and-locksmith-services.html]
[static.cdn-website.com/mnlt/production/5728/_dm/s/rt/dist/scripts/d-js-jquery-migrate.min.js]
[lirp.cdn-website.com/8d8e069d/dms3rep/multi/opt/IMG_2254-ca398773-1920w.jpg]
[lirp.cdn-website.com/8d8e069d/dms3rep/multi/opt/IMG_2111-a8eacfdc-1920w.JPG]
[lirp.cdn-website.com/8d8e069d/dms3rep/multi/opt/GOPR07744-7b1c106a-1920w.JPG]
[www.fastfriendlyrepair.com/towing.html]
[static.cdn-website.com/mnlt/production/5739/_dm/s/rt/dist/css/d-css-runtime-desktop-one-package-structured-global.min.css]
[lirp.cdn-website.com/8d8e069d/dms3rep/multi/opt/IMG_5033-b03dd32e-1920w.jpg]
[static.cdn-website.com/mnlt/production/5739/_dm/s/rt/dist/scripts/d-js-one-runtime-unified-desktop.min.js]
[www.fastfriendlyrepair.com/fleet-repair.html]
[static.cdn-website.com/mnlt/production/5739/_dm/s/rt/dist/scripts/d-js-jquery-migrate.min.js]
[static.cdn-website.com/mnlt/production/5731/_dm/s/rt/dist/css/d-css-runtime-desktop-one-package-structured-global.min.css]
[lirp.cdn-website.com/8d8e069d/dms3rep/multi/opt/AdobeStock_228330399-1920w.jpg]
[static.cdn-website.com/mnlt/production/5731/_dm/s/rt/dist/scripts/d-js-one-runtime-unified-desktop.min.js]
[www.fastfriendlyrepair.com/hazmat-spill-response-service.html]
[static.cdn-website.com/mnlt/production/5731/_dm/s/rt/dist/scripts/d-js-jquery-migrate.min.js]
[lirp.cdn-website.com/8d8e069d/dms3rep/multi/opt/IMG_4575-fbebad1f-1920w.jpg]
[www.fastfriendlyrepair.com/light–heavy-recovery.html]
[www.fastfriendlyrepair.com/load-shifts.html]
[lirp.cdn-website.com/8d8e069d/dms3rep/multi/opt/Painesville+perry+madison+chardon+munson+Rotator-1920w.jpg]
[lirp.cdn-website.com/8d8e069d/dms3rep/multi/opt/mentor+painesville+rotator+wrecker+heavy+bus+tow-1920w.jpeg]
[lirp.cdn-website.com/8d8e069d/dms3rep/multi/opt/rotator+cement+mixer+tow+Paineville+Mentor-1920w.jpeg]
[lirp.cdn-website.com/8d8e069d/dms3rep/multi/opt/rotator+garbage+truck+hazmat+painesville+landfill+mentor+concord+perry+madison+wrecker-1920w.jpeg]
[www.fastfriendlyrepair.com/rotator-wrecker.html]
[irp.cdn-website.com/WIDGET_CSS/cc8d9afda7b3eeb4935c642312b0cedc.css]
[static.cdn-website.com/mnlt/production/5725/_dm/s/rt/dist/css/d-css-runtime-desktop-one-package-structured-global.min.css]
[lirp.cdn-website.com/8d8e069d/dms3rep/multi/opt/IMG_0468-fbaaac41-5ff1e95e-1920w.jpeg]
[lirp.cdn-website.com/8d8e069d/dms3rep/multi/opt/Bridgestone-640w.png]
[lirp.cdn-website.com/8d8e069d/dms3rep/multi/opt/Firestone-761a0091-640w.png]
[lirp.cdn-website.com/8d8e069d/dms3rep/multi/opt/Fuzion-fd8393a1-71ab04fe-640w.png]
[lirp.cdn-website.com/8d8e069d/dms3rep/multi/opt/-Goodyear-Dunlop-Logo-White-640w.png]
[lirp.cdn-website.com/8d8e069d/dms3rep/multi/opt/mastercraft-d702225d-640w.png]
[lirp.cdn-website.com/8d8e069d/dms3rep/multi/opt/Michelin-69707c13-640w.png]
[lirp.cdn-website.com/8d8e069d/dms3rep/multi/opt/Nexen2-640w.png]
[static.cdn-website.com/mnlt/production/5725/_dm/s/rt/dist/scripts/d-js-one-runtime-unified-desktop.min.js]
[www.fastfriendlyrepair.com/shop-for-tires.html]
[static.cdn-website.com/mnlt/production/5725/_dm/s/rt/dist/scripts/d-js-jquery-migrate.min.js]
[lirp.cdn-website.com/8d8e069d/dms3rep/multi/opt/pexels-photo-3399938-52e40135-1920w.jpg]
[www.fastfriendlyrepair.com/custom-wheels.html]
[lirp.cdn-website.com/8d8e069d/dms3rep/multi/opt/Snap_Finance_OG-e34f1b29-1920w.png]
[lirp.cdn-website.com/8d8e069d/dms3rep/multi/opt/snap-financing-page-1920w.png]
[www.fastfriendlyrepair.com/financing.html]
[www.fastfriendlyrepair.com/about.html]
[static.elfsight.com/platform/platform.js]
[www.fastfriendlyrepair.com/join-the-team.html]
[www.fastfriendlyrepair.com/gallery.html]
[irp.cdn-website.com/WIDGET_CSS/337e58a50b4156d1fc44eff9c88418bf.css]
[lirp.cdn-website.com/8d8e069d/dms3rep/multi/opt/AdobeStock_173089870-1026h.jpg]
[www.fastfriendlyrepair.com/contact.html]
[www.fastfriendlyrepair.com/vehicle-release.html]
[www.fastfriendlyrepair.com/service-list/diesel-engine.html]
[www.fastfriendlyrepair.com/service-list/diagnostics.html]
[static.cdn-website.com/mnlt/production/5732/_dm/s/rt/dist/css/d-css-runtime-desktop-one-package-structured-global.min.css]
[static.cdn-website.com/mnlt/production/5732/_dm/s/rt/dist/scripts/d-js-one-runtime-unified-desktop.min.js]
[www.fastfriendlyrepair.com/service-list/brakes.html]
[www.fastfriendlyrepair.com/privacy.html]
[static.cdn-website.com/mnlt/production/5724/_dm/s/rt/dist/css/d-css-runtime-desktop-one-package-structured-global.min.css]
[static.cdn-website.com/mnlt/production/5732/_dm/s/rt/dist/scripts/d-js-jquery-migrate.min.js]
[irp.cdn-website.com/_dm/s/rt/scripts/vendor/photoswipe4/icons/default-skin.png]
[irp.cdn-website.com/_dm/s/rt/scripts/vendor/photoswipe4/icons/preloader.gif]
[irp.cdn-website.com/_dm/s/rt/scripts/vendor/photoSwipe/icons@2x.png]
[dd-cdn.multiscreensite.com/runtime-img/galleryLoader.gif]
[irp.cdn-website.com/WIDGET_CSS/047205a521e4447bedbe9984fbcb8c3a.css]
[dp-cdn.multiscreensite.com/bfsImages/sunset-hair.jpg]
[irp.cdn-website.com/8d8e069d/files/8d8e069d_withFlex_1.minfad9.css]
[lirp.cdn-website.com/8d8e069d/dms3rep/multi/opt/Screenshot-2023-07-24-110452-1920w.png]
[irp.cdn-website.com/8d8e069d/files/8d8e069d_home_withFlex_1.minfad9.css]
[app.multiscreenstore.com/script.html]
[www.fastfriendlyrepair.com/path=.c3.delayed]
[www.fastfriendlyrepair.com/path=/index.html]
[cookieinfoscript.com/js/cookieinfo.min.js]
[www.fastfriendlyrepair.com/signals/config.c4.delayed]
[www.fastfriendlyrepair.com/signals/config/index.html]
[www.fastfriendlyrepair.com/a.html]
[www.fastfriendlyrepair.com/signals/plugins.c5.delayed]
[www.fastfriendlyrepair.com/signals/plugins/index.html]
[www.fastfriendlyrepair.com/POST.html]
[www.fastfriendlyrepair.com/schema.c6.delayed]
[www.fastfriendlyrepair.com/schema.org/index.html]
[www.fastfriendlyrepair.com/f.txt]
[www.fastfriendlyrepair.com/d.html]
[www.fastfriendlyrepair.com/signals/f.txt]
[www.fastfriendlyrepair.com/signals/f0fc5.txt]
[www.fastfriendlyrepair.com/f-2.txt]
[www.fastfriendlyrepair.com/c.html]
[www.fastfriendlyrepair.com/service-list/air-conditioning.html]
[www.fastfriendlyrepair.com/service-list/battery-replacement.html]
[www.fastfriendlyrepair.com/service-list/belts-and-hoses.html]
[static.cdn-website.com/mnlt/production/5741/_dm/s/rt/dist/css/d-css-runtime-desktop-one-package-structured-global.min.css]
[static.cdn-website.com/mnlt/production/5741/_dm/s/rt/dist/scripts/d-js-one-runtime-unified-desktop.min.js]
[www.fastfriendlyrepair.com/service-list/cabin-air-filter.html]
[www.fastfriendlyrepair.com/service-list/check-engine-light.html]
[static.cdn-website.com/mnlt/production/5741/_dm/s/rt/dist/scripts/d-js-jquery-migrate.min.js]
[static.cdn-website.com/mnlt/production/5712/_dm/s/rt/dist/css/d-css-runtime-desktop-one-package-structured-global.min.css]
[static.cdn-website.com/mnlt/production/5712/_dm/s/rt/dist/scripts/d-js-one-runtime-unified-desktop.min.js]
[www.fastfriendlyrepair.com/service-list/coolant-antifreeze.html]
[static.cdn-website.com/mnlt/production/5712/_dm/s/rt/dist/scripts/d-js-jquery-migrate.min.js]
[static.cdn-website.com/mnlt/production/5733/_dm/s/rt/dist/css/d-css-runtime-desktop-one-package-structured-global.min.css]
[static.cdn-website.com/mnlt/production/5733/_dm/s/rt/dist/scripts/d-js-one-runtime-unified-desktop.min.js]
[www.fastfriendlyrepair.com/service-list/cooling-system.html]
[static.cdn-website.com/mnlt/production/5733/_dm/s/rt/dist/scripts/d-js-jquery-migrate.min.js]
[static.cdn-website.com/mnlt/production/5715/_dm/s/rt/dist/css/d-css-runtime-desktop-one-package-structured-global.min.css]
[static.cdn-website.com/mnlt/production/5715/_dm/s/rt/dist/scripts/d-js-one-runtime-unified-desktop.min.js]
[www.fastfriendlyrepair.com/service-list/custom-wheels.html]
[www.fastfriendlyrepair.com/service-list/differential.html]
[www.fastfriendlyrepair.com/service-list/digital-inspections.html]
[static.cdn-website.com/mnlt/production/5715/_dm/s/rt/dist/scripts/d-js-jquery-migrate.min.js]
[static.cdn-website.com/mnlt/production/5735/_dm/s/rt/dist/css/d-css-runtime-desktop-one-package-structured-global.min.css]
[static.cdn-website.com/mnlt/production/5735/_dm/s/rt/dist/scripts/d-js-one-runtime-unified-desktop.min.js]
[www.fastfriendlyrepair.com/service-list/drive-train.html]
[www.fastfriendlyrepair.com/service-list/engine-air-filter.html]
[static.cdn-website.com/mnlt/production/5735/_dm/s/rt/dist/scripts/d-js-jquery-migrate.min.js]
[static.cdn-website.com/mnlt/production/5720/_dm/s/rt/dist/css/d-css-runtime-desktop-one-package-structured-global.min.css]
[static.cdn-website.com/mnlt/production/5720/_dm/s/rt/dist/scripts/d-js-one-runtime-unified-desktop.min.js]
[www.fastfriendlyrepair.com/service-list/exhaust-service.html]
[www.fastfriendlyrepair.com/service-list/flat-repair.html]
[www.fastfriendlyrepair.com/service-list/fluid-inspection.html]
[www.fastfriendlyrepair.com/service-list/four-wheel-drive.html]
[www.fastfriendlyrepair.com/service-list/fuel-filter.html]
[www.fastfriendlyrepair.com/service-list/fuel-injectors.html]
[www.fastfriendlyrepair.com/service-list/headlamp-replacement.html]
[www.fastfriendlyrepair.com/service-list/lift-kits.html]
[static.cdn-website.com/mnlt/production/5720/_dm/s/rt/dist/scripts/d-js-jquery-migrate.min.js]
[static.cdn-website.com/mnlt/production/5719/_dm/s/rt/dist/css/d-css-runtime-desktop-one-package-structured-global.min.css]
[static.cdn-website.com/mnlt/production/5719/_dm/s/rt/dist/scripts/d-js-one-runtime-unified-desktop.min.js]
[www.fastfriendlyrepair.com/service-list/oil-changes.html]
[www.fastfriendlyrepair.com/service-list/pcv-valve.html]
[www.fastfriendlyrepair.com/service-list/power-steering-service.html]
[www.fastfriendlyrepair.com/service-list/preventive-maintenance.html]
[www.fastfriendlyrepair.com/service-list/radiator-service.html]
[www.fastfriendlyrepair.com/service-list/roadside-assistance.html]
[www.fastfriendlyrepair.com/service-list/serpentine-belt.html]
[www.fastfriendlyrepair.com/service-list/shock-struts.html]
[www.fastfriendlyrepair.com/service-list/suspension.html]
[www.fastfriendlyrepair.com/service-list/timing-belt.html]
[static.cdn-website.com/mnlt/production/5719/_dm/s/rt/dist/scripts/d-js-jquery-migrate.min.js]
[static.cdn-website.com/mnlt/production/5736/_dm/s/rt/dist/css/d-css-runtime-desktop-one-package-structured-global.min.css]
[static.cdn-website.com/mnlt/production/5736/_dm/s/rt/dist/scripts/d-js-one-runtime-unified-desktop.min.js]
[www.fastfriendlyrepair.com/service-list/tire-installation.html]
[www.fastfriendlyrepair.com/service-list/tpms.html]
[www.fastfriendlyrepair.com/service-list/tire-rotation.html]
[www.fastfriendlyrepair.com/service-list/transmission.html]
[www.fastfriendlyrepair.com/service-list/tune-ups.html]
[www.fastfriendlyrepair.com/service-list/vehicle-inspections.html]
[static.cdn-website.com/mnlt/production/5736/_dm/s/rt/dist/scripts/d-js-jquery-migrate.min.js]
[static.cdn-website.com/mnlt/production/5734/_dm/s/rt/dist/css/d-css-runtime-desktop-one-package-structured-global.min.css]
[static.cdn-website.com/mnlt/production/5734/_dm/s/rt/dist/scripts/d-js-one-runtime-unified-desktop.min.js]
[www.fastfriendlyrepair.com/service-list/water-pump.html]
[www.fastfriendlyrepair.com/service-list/wheel-alignment.html]
[www.fastfriendlyrepair.com/service-list/wheel-balancing.html]
[www.fastfriendlyrepair.com/service-list/winter-tires.html]
[www.fastfriendlyrepair.com/service-list/wiper-blades.html]
[irp.cdn-website.com/WIDGET_CSS/b87baa1e4dbafc8cf6602bc6701bddde.css]
[irp.cdn-website.com/8d8e069d/files/8d8e069d_1.minfad9.css]
[static.cdn-website.com/mnlt/production/5728/_dm/s/rt/dist/css/d-css-runtime-desktop-one-package-structured-global.min.css]
[irp.cdn-website.com/WIDGET_CSS/c2a842ca4e816d8c648d59753f4aa6e7.css]
[static.cdn-website.com/mnlt/production/5739/_dm/s/rt/dist/css/d-css-runtime-desktop-one-package-structured-global.min.css]
[static.cdn-website.com/mnlt/production/5731/_dm/s/rt/dist/css/d-css-runtime-desktop-one-package-structured-global.min.css]
[static.cdn-website.com/mnlt/production/5725/_dm/s/rt/dist/css/d-css-runtime-desktop-one-package-structured-global.min.css]
[static.cdn-website.com/mnlt/production/5734/_dm/s/rt/dist/scripts/d-js-jquery-migrate.min.js]
[irp.cdn-website.com/WIDGET_CSS/cc8d9afda7b3eeb4935c642312b0cedc.css]
[irp.cdn-website.com/WIDGET_CSS/337e58a50b4156d1fc44eff9c88418bf.css]
[www.fastfriendlyrepair.com/service-list/path=.e4.delayed]
[www.fastfriendlyrepair.com/service-list/path=/index.html]
[static.cdn-website.com/mnlt/production/5732/_dm/s/rt/dist/css/d-css-runtime-desktop-one-package-structured-global.min.css]
[www.fastfriendlyrepair.com/path=.html]
[www.fastfriendlyrepair.com/signals/config.html]
[www.fastfriendlyrepair.com/signals/plugins.html]
[www.fastfriendlyrepair.com/f-3.txt]
[static.cdn-website.com/mnlt/production/5741/_dm/s/rt/dist/css/d-css-runtime-desktop-one-package-structured-global.min.css]
[static.cdn-website.com/mnlt/production/5712/_dm/s/rt/dist/css/d-css-runtime-desktop-one-package-structured-global.min.css]
[static.cdn-website.com/mnlt/production/5733/_dm/s/rt/dist/css/d-css-runtime-desktop-one-package-structured-global.min.css]
[static.cdn-website.com/mnlt/production/5715/_dm/s/rt/dist/css/d-css-runtime-desktop-one-package-structured-global.min.css]
[static.cdn-website.com/mnlt/production/5735/_dm/s/rt/dist/css/d-css-runtime-desktop-one-package-structured-global.min.css]
[static.cdn-website.com/mnlt/production/5720/_dm/s/rt/dist/css/d-css-runtime-desktop-one-package-structured-global.min.css]
[static.cdn-website.com/mnlt/production/5719/_dm/s/rt/dist/css/d-css-runtime-desktop-one-package-structured-global.min.css]
[static.cdn-website.com/mnlt/production/5736/_dm/s/rt/dist/css/d-css-runtime-desktop-one-package-structured-global.min.css]
[static.cdn-website.com/mnlt/production/5734/_dm/s/rt/dist/css/d-css-runtime-desktop-one-package-structured-global.min.css]
[irp.cdn-website.com/editor/nee/images/common/2ColumnsArrows.png]
[irp.cdn-website.com/editor/nee/images/common/bluePic.png]
[www.fastfriendlyrepair.com/service-list/path=.html]
